05-07 17:15:28.276  1977  1977 V UiModeManager: updateLocked: null action, mDockState=0, category=null
05-07 17:15:28.277  1977  1977 D UiModeManager: updateConfigurationLocked: mDockState=0; mCarMode=false; mNightMode=1; mNightModeCustomType=-1; uiMode=17
05-07 17:15:28.307  2723  2943 I bt_shim_scanner: handle_remote_properties: handle_remote_properties Update device_type=0x2 addr_type=0x0
05-07 17:15:29.100  2555  2555 D CBR_SystemUI: CarrierLabel - : updateLabel cellMsg:  cellEnabled: false
05-07 17:15:29.100  2555  2555 D CBR_SystemUI: CarrierLabel - : updateLabel mCellBroadcastMessage Visibility: 8
05-07 17:15:29.100  2555  2555 D CBR_SystemUI: CarrierLabel - : updateLabel cellMsg:  cellEnabled: false
05-07 17:15:29.101  2555  2555 D CBR_SystemUI: CarrierLabel - : updateLabel mCellBroadcastMessage Visibility: 8
05-07 17:15:29.101  2555  2555 D CBR_SystemUI: CarrierLabel - : updateLabel cellMsg:  cellEnabled: false
05-07 17:15:29.101  2555  2555 D CBR_SystemUI: CarrierLabel - : updateLabel mCellBroadcastMessage Visibility: 8
05-07 17:15:29.351  1326  1402 I libPowerHal: [PE] MTKPOWER_HINT_APP_TOUCH update cmd:3408b00 param:1
05-07 17:15:29.354  1359  1830 I Scheduler: applyPolicy: UpdateRefreshRate 60 to 90 of group 0: [touch=1:1 touchBoost=1 scroll=0:0 idle=1:0]
05-07 17:15:29.355  1326  1402 I libPowerHal: [PE] mtkpower@1.0-se update cmd:1408300, param:80
05-07 17:15:29.358  1326  1402 I libPowerHal: [PE] INTERACTION update cmd:1404300, param:1
05-07 17:15:29.359  1326  1402 I libPowerHal: [PE] INTERACTION update cmd:1000000 param:0
05-07 17:15:29.385  1326  1402 I libPowerHal: [PD] MTKPOWER_HINT_APP_TOUCH update cmd:3408b00 param:0
05-07 17:15:29.405  1326  1402 I libPowerHal: [PE] LAUNCH update cmd:1408300, param:100
05-07 17:15:29.405  1326  1402 I libPowerHal: [PE] LAUNCH update cmd:300c000, param:15
05-07 17:15:29.405  1326  1402 I libPowerHal: [PE] LAUNCH update cmd:2054400, param:0
05-07 17:15:29.405  1326  1402 I libPowerHal: [PE] LAUNCH update cmd:2c14000 param:1
05-07 17:15:29.415  2555  2614 D ViewRootImpl: update {(0,0)(fillxfill) ty=APPLICATION_STARTING fmt=TRANSLUCENT wanim=0x1030001
05-07 17:15:29.418  1326  1402 I libPowerHal: [PE] fpsgo update cmd:1404500 param:1
05-07 17:15:29.419  1326  1402 I libPowerHal: [PE] fpsgo update cmd:1438300, param:0
05-07 17:15:29.419  1326  1402 I libPowerHal: [PE] fpsgo update cmd:1438400, param:0
05-07 17:15:29.419  1326  1402 I libPowerHal: [PE] fpsgo update cmd:1438600, param:0
05-07 17:15:29.419  1326  1402 I libPowerHal: [PE] fpsgo update cmd:1438700, param:0
05-07 17:15:29.426  1977  2027 I ActivityManager: Start proc 30625:org.atoznback.azt_recorder/u0a582 for next-top-activity {org.atoznback.azt_recorder/org.kivy.android.PythonActivity}
05-07 17:15:29.473 30625 30625 I Typeface: updateThemeFont new=Rookery-Regular;old=sans-serif;new=Rookery-Stacked;old=
05-07 17:15:29.492  1977  1977 D EnhancedConnectivityController: updateDefaultNet:181
05-07 17:15:29.492  1977  1977 D EnhancedConnectivityController: mayUpdateNotification: shouldShow=false,UidsBlocked=false, net info=net:181,ifName=wlan0,securityType=2,isDefault=true,ssid="rasnet_guest",notificationId=0
05-07 17:15:29.505 30625 30625 D ViewRootImpl: update {(0,0)(fillxfill) sim={forwardNavigation} ty=BASE_APPLICATION wanim=0x1030001
05-07 17:15:29.564  1359  1842 D SurfaceFlinger: updateWinowInfo=1, setFocusedWindow timestamp=327222967947042, windowName=b9d09c4 org.atoznback.azt_recorder/org.kivy.android.PythonActivity
05-07 17:15:29.596 30625 30646 I python  : Android kivy bootstrap done. __name__ is __main__
05-07 17:15:29.599 30625 30625 D VRI[PythonActivity]: update {(0,0)(fillxfill) sim={forwardNavigation} ty=BASE_APPLICATION wanim=0x1030001
05-07 17:15:29.600 30625 30625 D VRI[PythonActivity]: update {(0,0)(fillxfill) sim={forwardNavigation} ty=BASE_APPLICATION wanim=0x1030001
05-07 17:15:29.617  1326  1402 I libPowerHal: [PE] MTKPOWER_HINT_EXT_LAUNCH update cmd:2020000, param:31
05-07 17:15:29.629 26239 26239 I Module  : DeviceLockedStatusModuleProvider$Module.updateDeviceLockedStatus():103 repeatCheckTimes = 0, locked = false
05-07 17:15:29.630 26239 26239 I AndroidIME: LatinIMEBase.updateInputViewCoverNavigation():322 Update input view padding, isNavbarOverInputWindow=false, bottom inset=120
05-07 17:15:29.632 26239 26239 I Module  : DeviceLockedStatusModuleProvider$Module.updateDeviceLockedStatus():103 repeatCheckTimes = 1, locked = false
05-07 17:15:29.740  1326  1402 I libPowerHal: [PD] INTERACTION update cmd:1404300 param:0
05-07 17:15:29.965  1326  1402 I libPowerHal: [PE] INTERACTION update cmd:1404300, param:1
05-07 17:15:30.347  1326  1402 I libPowerHal: [PD] INTERACTION update cmd:1404300 param:0
05-07 17:15:30.480 30625 30625 D VRI[PythonActivity]: update {(0,0)(fillxfill) ty=BASE_APPLICATION wanim=0x1030001
05-07 17:15:30.499 30625 30625 D VRI[PythonActivity]: update {(0,0)(fillxfill) ty=BASE_APPLICATION wanim=0x1030001
05-07 17:15:30.512  1326  1402 I libPowerHal: [PE] INTERACTION update cmd:1404300, param:1
05-07 17:15:30.616 30625 30625 D VRI[PythonActivity]: update {(0,0)(fillxfill) ty=BASE_APPLICATION wanim=0x1030001
05-07 17:15:30.689 30625 30646 I python  :  [bootstrap] Checking installation…
05-07 17:15:30.721  1977  1977 V UiModeManager: updateLocked: null action, mDockState=0, category=null
05-07 17:15:30.721  1977  1977 D UiModeManager: updateConfigurationLocked: mDockState=0; mCarMode=false; mNightMode=1; mNightModeCustomType=-1; uiMode=17
05-07 17:15:30.733  1977  1977 V UiModeManager: updateLocked: null action, mDockState=0, category=null
05-07 17:15:30.733  1977  1977 D UiModeManager: updateConfigurationLocked: mDockState=0; mCarMode=false; mNightMode=1; mNightModeCustomType=-1; uiMode=17
05-07 17:15:30.738  1977  2027 I ActivityManager: Start proc 30655:org.atoznback.aztcollab:provider/u0a591 for content provider {org.atoznback.aztcollab/org.atoznback.aztcollab.AZTCollabProvider}
05-07 17:15:30.763 30655 30655 D nativeloader: Configuring clns-4 for other apk /data/app/~~av9jvStzCpQIj9nCpZ5QwA==/org.atoznback.aztcollab-ULGH288os9dfKnfL_zBrgA==/base.apk. target_sdk_version=36, uses_libraries=, library_path=/data/app/~~av9jvStzCpQIj9nCpZ5QwA==/org.atoznback.aztcollab-ULGH288os9dfKnfL_zBrgA==/lib/arm64:/data/app/~~av9jvStzCpQIj9nCpZ5QwA==/org.atoznback.aztcollab-ULGH288os9dfKnfL_zBrgA==/base.apk!/lib/arm64-v8a, permitted_path=/data:/mnt/expand:/data/user/0/org.atoznback.aztcollab
05-07 17:15:30.769 30655 30655 V GraphicsEnvironment: ANGLE GameManagerService for org.atoznback.aztcollab: false
05-07 17:15:30.769 30655 30655 V GraphicsEnvironment: org.atoznback.aztcollab is not listed in per-application setting
05-07 17:15:30.771 30655 30655 I Typeface: updateThemeFont new=Rookery-Regular;old=sans-serif;new=Rookery-Stacked;old=
05-07 17:15:30.816 30625 30646 I python  :  [bootstrap] Connecting to AZT Collaboration service…
05-07 17:15:30.892  1326  1402 I libPowerHal: [PD] INTERACTION update cmd:1404300 param:0
05-07 17:15:31.234  1326  1366 I libPowerHal: [updateFPS] pid(30625) : -1 => 90
05-07 17:15:31.511  1359  1830 I Scheduler: applyPolicy: UpdateRefreshRate 90 to 120 of group 0: [touch=0:0 touchBoost=0 scroll=0:0 idle=0:0]
05-07 17:15:31.523  1359  1359 D SurfaceFlinger: MtkOverrideDuration: update vsync 120
05-07 17:15:32.132  1359  1836 I Scheduler: applyPolicy: UpdateRefreshRate 120 to 60 of group 0: [touch=0:0 touchBoost=0 scroll=0:0 idle=1:1]
05-07 17:15:32.133  1359  1836 D SurfaceFlinger: MtkOverrideDuration: update vsync 60
05-07 17:15:32.407  1326  1402 I libPowerHal: [PD] LAUNCH update cmd:2c14000 param:0
05-07 17:15:32.500  1977  1977 D EnhancedConnectivityController: updateDefaultNet:181
05-07 17:15:32.500  1977  1977 D EnhancedConnectivityController: mayUpdateNotification: shouldShow=false,UidsBlocked=false, net info=net:181,ifName=wlan0,securityType=2,isDefault=true,ssid="rasnet_guest",notificationId=0
05-07 17:15:32.684  1326  1402 I libPowerHal: [PD] fpsgo update cmd:1404500 param:0
05-07 17:15:32.685  1326  1402 I libPowerHal: [PD] fpsgo update cmd:1438300, param:1000
05-07 17:15:32.685  1326  1402 I libPowerHal: [PD] fpsgo update cmd:1438400, param:1000
05-07 17:15:32.685  1326  1402 I libPowerHal: [PD] fpsgo update cmd:1438600 param:1000
05-07 17:15:32.685  1326  1402 I libPowerHal: [PD] fpsgo update cmd:1438700 param:1000
05-07 17:15:32.819 30625 30646 I python  :  [bootstrap] Connecting to AZT Collaboration service…
05-07 17:15:33.234  1326  1366 I libPowerHal: [updateFPS] pid(30625) : 90 => -1
05-07 17:15:33.241  2723  2943 I bt_shim_scanner: handle_remote_properties: handle_remote_properties Update device_type=0x2 addr_type=0x0
05-07 17:15:33.668  2723  2943 I bt_shim_scanner: handle_remote_properties: handle_remote_properties Update device_type=0x2 addr_type=0x0
05-07 17:15:33.742  1977  1977 D EnhancedConnectivityController: updateDefaultNet:181
05-07 17:15:33.742  1977  1977 D EnhancedConnectivityController: mayUpdateNotification: shouldShow=false,UidsBlocked=false, net info=net:181,ifName=wlan0,securityType=2,isDefault=true,ssid="rasnet_guest",notificationId=0
05-07 17:15:33.764  1326  1402 I libPowerHal: [PE] fpsgo update cmd:1404500 param:1
05-07 17:15:33.764  1326  1402 I libPowerHal: [PE] fpsgo update cmd:1438300, param:0
05-07 17:15:33.764  1326  1402 I libPowerHal: [PE] fpsgo update cmd:1438400, param:0
05-07 17:15:33.764  1326  1402 I libPowerHal: [PE] fpsgo update cmd:1438600, param:0
05-07 17:15:33.764  1326  1402 I libPowerHal: [PE] fpsgo update cmd:1438700, param:0
05-07 17:15:33.772  2723  2943 I bt_shim_scanner: handle_remote_properties: handle_remote_properties Update device_type=0x2 addr_type=0x0
05-07 17:15:33.881  2723  2943 I bt_shim_scanner: handle_remote_properties: handle_remote_properties Update device_type=0x2 addr_type=0x0
05-07 17:15:34.083  2723  2943 I bt_shim_scanner: handle_remote_properties: handle_remote_properties Update device_type=0x2 addr_type=0x0
05-07 17:15:34.214  2555  2555 D CBR_SystemUI: CarrierLabel - : updateLabel cellMsg:  cellEnabled: false
05-07 17:15:34.215  2555  2555 D CBR_SystemUI: CarrierLabel - : updateLabel mCellBroadcastMessage Visibility: 8
05-07 17:15:34.215  2555  2555 D CBR_SystemUI: CarrierLabel - : updateLabel cellMsg:  cellEnabled: false
05-07 17:15:34.215  2555  2555 D CBR_SystemUI: CarrierLabel - : updateLabel mCellBroadcastMessage Visibility: 8
05-07 17:15:34.215  2555  2555 D CBR_SystemUI: CarrierLabel - : updateLabel cellMsg:  cellEnabled: false
05-07 17:15:34.215  2555  2555 D CBR_SystemUI: CarrierLabel - : updateLabel mCellBroadcastMessage Visibility: 8
05-07 17:15:34.220  1359  1836 I Scheduler: applyPolicy: UpdateRefreshRate 60 to 120 of group 0: [touch=0:0 touchBoost=0 scroll=0:0 idle=0:0]
05-07 17:15:34.246  1359  1359 D SurfaceFlinger: MtkOverrideDuration: update vsync 120
05-07 17:15:34.720  1359  1836 I Scheduler: applyPolicy: UpdateRefreshRate 120 to 60 of group 0: [touch=0:0 touchBoost=0 scroll=0:0 idle=1:1]
05-07 17:15:34.721  1359  1836 D SurfaceFlinger: MtkOverrideDuration: update vsync 60
05-07 17:15:34.819 30625 30646 I python  :  [bootstrap] Connecting to AZT Collaboration service…
05-07 17:15:35.287  1326  1402 I libPowerHal: [PD] fpsgo update cmd:1404500 param:0
05-07 17:15:35.287  1326  1402 I libPowerHal: [PD] fpsgo update cmd:1438300, param:1000
05-07 17:15:35.287  1326  1402 I libPowerHal: [PD] fpsgo update cmd:1438400, param:1000
05-07 17:15:35.287  1326  1402 I libPowerHal: [PD] fpsgo update cmd:1438600 param:1000
05-07 17:15:35.287  1326  1402 I libPowerHal: [PD] fpsgo update cmd:1438700 param:1000
05-07 17:15:35.615  1326  1402 I libPowerHal: [PD] MTKPOWER_HINT_PROCESS_CREATE update cmd:1408300 param:40
05-07 17:15:35.615  1326  1402 I libPowerHal: [PD] MTKPOWER_HINT_PROCESS_CREATE update cmd:300c000 param:0
05-07 17:15:35.616  1326  1402 I libPowerHal: [PD] MTKPOWER_HINT_PROCESS_CREATE update cmd:1000000 param:2
05-07 17:15:36.756  1977  1977 D EnhancedConnectivityController: updateDefaultNet:181
05-07 17:15:36.756  1977  1977 D EnhancedConnectivityController: mayUpdateNotification: shouldShow=false,UidsBlocked=false, net info=net:181,ifName=wlan0,securityType=2,isDefault=true,ssid="rasnet_guest",notificationId=0
05-07 17:15:36.814 30625 30646 I python  :  [bootstrap] Connecting to AZT Collaboration service…
05-07 17:15:38.078  1371  1394 D ccci_mdinit: (1):monitor_time_update_thread round:19477 ########
05-07 17:15:38.389  2723  2943 I bt_shim_scanner: handle_remote_properties: handle_remote_properties Update device_type=0x2 addr_type=0x0
05-07 17:15:38.600  2723  2943 I bt_shim_scanner: handle_remote_properties: handle_remote_properties Update device_type=0x2 addr_type=0x0
05-07 17:15:38.709  2723  2943 I bt_shim_scanner: handle_remote_properties: handle_remote_properties Update device_type=0x2 addr_type=0x0
05-07 17:15:38.809 30625 30646 I python  :  [bootstrap] Connecting to AZT Collaboration service…
05-07 17:15:38.814  2723  2943 I bt_shim_scanner: handle_remote_properties: handle_remote_properties Update device_type=0x2 addr_type=0x0
05-07 17:15:38.920  2723  2943 I bt_shim_scanner: handle_remote_properties: handle_remote_properties Update device_type=0x2 addr_type=0x0
05-07 17:15:39.023  2723  2943 I bt_shim_scanner: handle_remote_properties: handle_remote_properties Update device_type=0x2 addr_type=0x0
05-07 17:15:39.330  2555  2555 D CBR_SystemUI: CarrierLabel - : updateLabel cellMsg:  cellEnabled: false
05-07 17:15:39.330  2555  2555 D CBR_SystemUI: CarrierLabel - : updateLabel mCellBroadcastMessage Visibility: 8
05-07 17:15:39.330  2555  2555 D CBR_SystemUI: CarrierLabel - : updateLabel cellMsg:  cellEnabled: false
05-07 17:15:39.330  2555  2555 D CBR_SystemUI: CarrierLabel - : updateLabel mCellBroadcastMessage Visibility: 8
05-07 17:15:39.330  2555  2555 D CBR_SystemUI: CarrierLabel - : updateLabel cellMsg:  cellEnabled: false
05-07 17:15:39.330  2555  2555 D CBR_SystemUI: CarrierLabel - : updateLabel mCellBroadcastMessage Visibility: 8
05-07 17:15:40.777  1977  1977 V UiModeManager: updateLocked: null action, mDockState=0, category=null
05-07 17:15:40.778  1977  1977 D UiModeManager: updateConfigurationLocked: mDockState=0; mCarMode=false; mNightMode=1; mNightModeCustomType=-1; uiMode=17
05-07 17:15:40.797  1977  1977 V UiModeManager: updateLocked: null action, mDockState=0, category=null
05-07 17:15:40.797  1977  1977 D UiModeManager: updateConfigurationLocked: mDockState=0; mCarMode=false; mNightMode=1; mNightModeCustomType=-1; uiMode=17
05-07 17:15:40.906  1359  1836 I Scheduler: applyPolicy: UpdateRefreshRate 60 to 120 of group 0: [touch=0:0 touchBoost=0 scroll=0:0 idle=0:0]
05-07 17:15:40.909  1326  1402 I libPowerHal: [PE] fpsgo update cmd:1404500 param:1
05-07 17:15:40.910  1326  1402 I libPowerHal: [PE] fpsgo update cmd:1438300, param:0
05-07 17:15:40.911  1326  1402 I libPowerHal: [PE] fpsgo update cmd:1438400, param:0
05-07 17:15:40.911  1326  1402 I libPowerHal: [PE] fpsgo update cmd:1438600, param:0
05-07 17:15:40.911  1326  1402 I libPowerHal: [PE] fpsgo update cmd:1438700, param:0
05-07 17:15:40.947  1359  1359 D SurfaceFlinger: MtkOverrideDuration: update vsync 120
05-07 17:15:41.032  1326  1402 I libPowerHal: [PE] fpsgo update cmd:1408300, param:100
05-07 17:15:41.236  1326  1366 I libPowerHal: [updateFPS] pid(30625) : -1 => 90
05-07 17:15:41.523  1359  1836 I Scheduler: applyPolicy: UpdateRefreshRate 120 to 60 of group 0: [touch=0:0 touchBoost=0 scroll=0:0 idle=1:1]
05-07 17:15:41.524  1359  1836 D SurfaceFlinger: MtkOverrideDuration: update vsync 60
05-07 17:15:42.093  1326  1402 I libPowerHal: [PD] fpsgo update cmd:1408300 param:40
05-07 17:15:42.095  1326  1402 I libPowerHal: [PD] fpsgo update cmd:1404500 param:0
05-07 17:15:42.096  1326  1402 I libPowerHal: [PD] fpsgo update cmd:1438300, param:1000
05-07 17:15:42.096  1326  1402 I libPowerHal: [PD] fpsgo update cmd:1438400, param:1000
05-07 17:15:42.096  1326  1402 I libPowerHal: [PD] fpsgo update cmd:1438600 param:1000
05-07 17:15:42.096  1326  1402 I libPowerHal: [PD] fpsgo update cmd:1438700 param:1000
05-07 17:15:42.236  1326  1366 I libPowerHal: [updateFPS] pid(30625) : 90 => -1
05-07 17:15:43.075  1326  1402 I libPowerHal: [PE] MTKPOWER_HINT_APP_TOUCH update cmd:3408b00 param:1
05-07 17:15:43.076  1359  1830 I Scheduler: applyPolicy: UpdateRefreshRate 60 to 90 of group 0: [touch=1:1 touchBoost=1 scroll=0:0 idle=1:0]
05-07 17:15:43.078  1326  1402 I libPowerHal: [PE] mtkpower@1.0-se update cmd:1408300, param:80
05-07 17:15:43.080  1326  1402 I libPowerHal: [PE] INTERACTION update cmd:1404300, param:1
05-07 17:15:43.080  1326  1402 I libPowerHal: [PE] INTERACTION update cmd:1000000 param:0
05-07 17:15:43.098  1359  1359 D SurfaceFlinger: MtkOverrideDuration: update vsync 90
05-07 17:15:43.142  1326  1402 I libPowerHal: [PD] MTKPOWER_HINT_APP_TOUCH update cmd:3408b00 param:0
05-07 17:15:43.179  1326  1402 I libPowerHal: [PD] mtkpower@1.0-se update cmd:1408300 param:40
05-07 17:15:43.180  1326  1402 I libPowerHal: [PE] fpsgo update cmd:1404500 param:1
05-07 17:15:43.181  1326  1402 I libPowerHal: [PE] fpsgo update cmd:1438300, param:0
05-07 17:15:43.181  1326  1402 I libPowerHal: [PE] fpsgo update cmd:1438400, param:0
05-07 17:15:43.181  1326  1402 I libPowerHal: [PE] fpsgo update cmd:1438600, param:0
05-07 17:15:43.181  1326  1402 I libPowerHal: [PE] fpsgo update cmd:1438700, param:0
05-07 17:15:43.197  1359  1842 D SurfaceFlinger: updateWinowInfo=1, setFocusedWindow timestamp=327236588025812, windowName=<null>
05-07 17:15:43.219  1359  1842 D SurfaceFlinger: updateWinowInfo=1, setFocusedWindow timestamp=327236614181581, windowName=4237a05 com.motorola.launcher3/com.android.launcher3.CustomizationPanelLauncher
05-07 17:15:43.247  2555  2591 V WindowManagerShell:  try handler com.android.wm.shell.recents.RecentsTransitionHandler@e09b5b4
05-07 17:15:43.247  2555  2591 V ShellRecents: RecentsTransitionHandler.startAnimation: no controller found
05-07 17:15:43.276 26239 26239 I Module  : DeviceLockedStatusModuleProvider$Module.updateDeviceLockedStatus():103 repeatCheckTimes = 0, locked = false
05-07 17:15:43.277 26239 26239 I AndroidIME: LatinIMEBase.updateInputViewCoverNavigation():322 Update input view padding, isNavbarOverInputWindow=false, bottom inset=120
05-07 17:15:43.278 26239 26239 I Module  : DeviceLockedStatusModuleProvider$Module.updateDeviceLockedStatus():103 repeatCheckTimes = 1, locked = false
05-07 17:15:43.462  1326  1402 I libPowerHal: [PD] INTERACTION update cmd:1404300 param:0
05-07 17:15:43.463  1326  1402 I libPowerHal: [PD] INTERACTION update cmd:1000000 param:2
05-07 17:15:43.529  2723  2943 I bt_shim_scanner: handle_remote_properties: handle_remote_properties Update device_type=0x2 addr_type=0x0
05-07 17:15:43.632  2723  2943 I bt_shim_scanner: handle_remote_properties: handle_remote_properties Update device_type=0x2 addr_type=0x0
05-07 17:15:43.739  2723  2943 I bt_shim_scanner: handle_remote_properties: handle_remote_properties Update device_type=0x2 addr_type=0x0
05-07 17:15:43.846  2723  2943 I bt_shim_scanner: handle_remote_properties: handle_remote_properties Update device_type=0x2 addr_type=0x0
05-07 17:15:43.928  1326  1402 I libPowerHal: [PE] fpsgo update cmd:1408300, param:100
05-07 17:15:43.948  2723  2943 I bt_shim_scanner: handle_remote_properties: handle_remote_properties Update device_type=0x2 addr_type=0x0
05-07 17:15:44.048  2723  2943 I bt_shim_scanner: handle_remote_properties: handle_remote_properties Update device_type=0x2 addr_type=0x0
05-07 17:15:44.078  1359  1830 I Scheduler: applyPolicy: UpdateRefreshRate 90 to 120 of group 0: [touch=0:0 touchBoost=0 scroll=0:0 idle=0:0]
05-07 17:15:44.099  1359  1359 D SurfaceFlinger: MtkOverrideDuration: update vsync 120
05-07 17:15:44.236  1326  1366 I libPowerHal: [updateFPS] pid(4681) : -1 => 90
05-07 17:15:44.274  1977  2475 I ActivityManager: appDiedLocked: app=ProcessRecord{2f57d0 30625:org.atoznback.azt_recorder/u0a582} thread=android.os.BinderProxy@bfd256f fromBinderDied=true isKilledByAm=false reason=null
05-07 17:15:44.274  1977  2475 I ActivityManager: Process org.atoznback.azt_recorder (pid 30625) has died: cch+15 CEM 
05-07 17:15:44.449  2555  2555 D CBR_SystemUI: CarrierLabel - : updateLabel cellMsg:  cellEnabled: false
05-07 17:15:44.449  2555  2555 D CBR_SystemUI: CarrierLabel - : updateLabel mCellBroadcastMessage Visibility: 8
05-07 17:15:44.449  2555  2555 D CBR_SystemUI: CarrierLabel - : updateLabel cellMsg:  cellEnabled: false
05-07 17:15:44.449  2555  2555 D CBR_SystemUI: CarrierLabel - : updateLabel mCellBroadcastMessage Visibility: 8
05-07 17:15:44.449  2555  2555 D CBR_SystemUI: CarrierLabel - : updateLabel cellMsg:  cellEnabled: false
05-07 17:15:44.449  2555  2555 D CBR_SystemUI: CarrierLabel - : updateLabel mCellBroadcastMessage Visibility: 8
05-07 17:15:44.517  1977  1977 D EnhancedConnectivityController: updateDefaultNet:181
05-07 17:15:44.517  1977  1977 D EnhancedConnectivityController: mayUpdateNotification: shouldShow=false,UidsBlocked=false, net info=net:181,ifName=wlan0,securityType=2,isDefault=true,ssid="rasnet_guest",notificationId=0
05-07 17:15:44.804  1326  1402 I libPowerHal: [PD] fpsgo update cmd:1408300 param:40
05-07 17:15:45.082  1326  1402 I libPowerHal: [PE] fpsgo update cmd:1408300, param:100
05-07 17:15:45.236  1326  1366 I libPowerHal: [updateFPS] pid(4681) : 90 => 120
05-07 17:15:45.569  1359  1836 I Scheduler: applyPolicy: UpdateRefreshRate 120 to 60 of group 0: [touch=0:0 touchBoost=0 scroll=0:0 idle=1:1]
05-07 17:15:45.569  1359  1836 D SurfaceFlinger: MtkOverrideDuration: update vsync 60
05-07 17:15:45.818  1977  1977 D EnhancedConnectivityController: updateDefaultNet:181
05-07 17:15:45.818  1977  1977 D EnhancedConnectivityController: mayUpdateNotification: shouldShow=false,UidsBlocked=false, net info=net:181,ifName=wlan0,securityType=2,isDefault=true,ssid="rasnet_guest",notificationId=0
05-07 17:15:46.234  1977  1977 V UiModeManager: updateLocked: null action, mDockState=0, category=null
05-07 17:15:46.234  1977  1977 D UiModeManager: updateConfigurationLocked: mDockState=0; mCarMode=false; mNightMode=1; mNightModeCustomType=-1; uiMode=17
05-07 17:15:46.236  1977  1977 V UiModeManager: updateLocked: null action, mDockState=0, category=null
05-07 17:15:46.236  1977  1977 D UiModeManager: updateConfigurationLocked: mDockState=0; mCarMode=false; mNightMode=1; mNightModeCustomType=-1; uiMode=17
05-07 17:15:46.237  1326  1366 I libPowerHal: [updateFPS] pid(4681) : 120 => -1
05-07 17:15:46.244  1977  1977 V UiModeManager: updateLocked: null action, mDockState=0, category=null
05-07 17:15:46.244  1977  1977 D UiModeManager: updateConfigurationLocked: mDockState=0; mCarMode=false; mNightMode=1; mNightModeCustomType=-1; uiMode=17
05-07 17:15:46.898  1326  1402 I libPowerHal: [PD] fpsgo update cmd:1408300 param:40
05-07 17:15:46.899  1326  1402 I libPowerHal: [PD] fpsgo update cmd:1404500 param:0
05-07 17:15:46.899  1326  1402 I libPowerHal: [PD] fpsgo update cmd:1438300, param:1000
05-07 17:15:46.899  1326  1402 I libPowerHal: [PD] fpsgo update cmd:1438400, param:1000
05-07 17:15:46.900  1326  1402 I libPowerHal: [PD] fpsgo update cmd:1438600 param:1000
05-07 17:15:46.900  1326  1402 I libPowerHal: [PD] fpsgo update cmd:1438700 param:1000
05-07 17:15:47.524  1977  1977 D EnhancedConnectivityController: updateDefaultNet:181
05-07 17:15:47.524  1977  1977 D EnhancedConnectivityController: mayUpdateNotification: shouldShow=false,UidsBlocked=false, net info=net:181,ifName=wlan0,securityType=2,isDefault=true,ssid="rasnet_guest",notificationId=0
05-07 17:15:48.227  1326  1402 I libPowerHal: [PE] MTKPOWER_HINT_APP_TOUCH update cmd:3408b00 param:1
05-07 17:15:48.228  1326  1402 I libPowerHal: [PE] mtkpower@1.0-se update cmd:1408300, param:80
05-07 17:15:48.229  1359  1830 I Scheduler: applyPolicy: UpdateRefreshRate 60 to 90 of group 0: [touch=1:1 touchBoost=1 scroll=0:0 idle=1:0]
05-07 17:15:48.230  1326  1402 I libPowerHal: [PE] INTERACTION update cmd:1404300, param:1
05-07 17:15:48.230  1326  1402 I libPowerHal: [PE] INTERACTION update cmd:1000000 param:0
05-07 17:15:48.248  1359  1359 D SurfaceFlinger: MtkOverrideDuration: update vsync 90
05-07 17:15:48.305  1326  1402 I libPowerHal: [PD] mtkpower@1.0-se update cmd:1408300 param:40
05-07 17:15:48.306  1326  1402 I libPowerHal: [PE] fpsgo update cmd:1404500 param:1
05-07 17:15:48.307  1326  1402 I libPowerHal: [PE] fpsgo update cmd:1438300, param:0
05-07 17:15:48.307  1326  1402 I libPowerHal: [PE] fpsgo update cmd:1438400, param:0
05-07 17:15:48.307  1326  1402 I libPowerHal: [PE] fpsgo update cmd:1438600, param:0
05-07 17:15:48.307  1326  1402 I libPowerHal: [PE] fpsgo update cmd:1438700, param:0
05-07 17:15:48.331  1359  1359 I Scheduler: applyPolicy: UpdateRefreshRate 90 to 120 of group 0: [touch=1:1 touchBoost=1 scroll=1:1 idle=0:0]
05-07 17:15:48.344  1359  1359 D SurfaceFlinger: MtkOverrideDuration: update vsync 120
05-07 17:15:48.357  1326  1402 I libPowerHal: [PE] fpsgo update cmd:1408300, param:100
05-07 17:15:48.364  1326  1402 I libPowerHal: [PD] MTKPOWER_HINT_APP_TOUCH update cmd:3408b00 param:0
05-07 17:15:48.365  1326  1402 I libPowerHal: [PD] fpsgo update cmd:1408300 param:40
05-07 17:15:48.506  1326  1402 I libPowerHal: [PE] fpsgo update cmd:1408300, param:100
05-07 17:15:48.577  2723  2943 I bt_shim_scanner: handle_remote_properties: handle_remote_properties Update device_type=0x2 addr_type=0x0
05-07 17:15:48.788  2723  2943 I bt_shim_scanner: handle_remote_properties: handle_remote_properties Update device_type=0x2 addr_type=0x0
05-07 17:15:49.002  2723  2943 I bt_shim_scanner: handle_remote_properties: handle_remote_properties Update device_type=0x2 addr_type=0x0
05-07 17:15:49.237  1326  1366 I libPowerHal: [updateFPS] pid(4681) : -1 => 120
05-07 17:15:49.282  1326  1402 I libPowerHal: [PE] MTKPOWER_HINT_APP_TOUCH update cmd:3408b00 param:1
05-07 17:15:49.347  1326  1402 I libPowerHal: [PD] MTKPOWER_HINT_APP_TOUCH update cmd:3408b00 param:0
05-07 17:15:49.361  1977  5574 D ActivityTaskManager: [GlobalFreeform] use default Rect(162, 162 - 1242, 1929) scale=0.7 for ActivityRecord{4a8485f u0 org.atoznback.aztcollab/org.kivy.android.PythonActivity
05-07 17:15:49.364  1977  5574 D ActivityTaskManager: [GlobalFreeform] use default Rect(162, 162 - 1242, 1929) scale=0.7 for ActivityRecord{4a8485f u0 org.atoznback.aztcollab/org.kivy.android.PythonActivity t-1}
05-07 17:15:49.365  1359  2350 E BufferQueueDebug: [ActivityRecord{4a8485f u0 org.atoznback.aztcollab/org.kivy.android.PythonActivity t25773}#44701](this:0xb400007e45615f08,id:-1,api:0,p:-1,c:-1) id info cannot be read from 'ActivityRecord{4a8485f u0 org.atoznback.aztcollab/org.kivy.android.PythonActivity t25773}#44701'
05-07 17:15:49.365  1359  2350 I BufferQueueDebug: [ActivityRecord{4a8485f u0 org.atoznback.aztcollab/org.kivy.android.PythonActivity t25773}#44701](this:0xb400007e45615f08,id:-1,api:0,p:-1,c:-1) BufferQueue core=(1359:/system/bin/surfaceflinger)
05-07 17:15:49.368  1326  1402 I libPowerHal: [PE] LAUNCH update cmd:300c000, param:15
05-07 17:15:49.368  1326  1402 I libPowerHal: [PE] LAUNCH update cmd:2c14000 param:1
05-07 17:15:49.372  1977  5574 I ActivityTaskManager: START u0 {act=android.intent.action.MAIN cat=[android.intent.category.LAUNCHER] flg=0x10200000 cmp=org.atoznback.aztcollab/org.kivy.android.PythonActivity bnds=[635,1373][833,1703]} with LAUNCH_SINGLE_TASK from uid 10305 (startActivityAsUser) (BAL_ALLOW_ALLOWLISTED_COMPONENT) result code=0
05-07 17:15:49.373  2555  2591 V WindowManagerShell: Transition requested: android.os.BinderProxy@3860ea0 TransitionRequestInfo { type = 1, triggerTask = TaskInfo{userId=0 taskId=25773 displayId=0 isRunning=true baseIntent=Intent { act=android.intent.action.MAIN cat=[android.intent.category.LAUNCHER] flg=0x10200000 cmp=org.atoznback.aztcollab/org.kivy.android.PythonActivity } baseActivity=ComponentInfo{org.atoznback.aztcollab/org.kivy.android.PythonActivity} topActivity=ComponentInfo{org.atoznback.aztcollab/org.kivy.android.PythonActivity} origActivity=null realActivity=ComponentInfo{org.atoznback.aztcollab/org.kivy.android.PythonActivity} numActivities=1 lastActiveTime=467508688 supportsMultiWindow=true supportsGlobalFreeform=true resizeMode=1 isResizeable=true isAppLocked=false canKillAndRestart=false isShowDecorCaptionWindowRequest=false minWidth=-1 minHeight=-1 defaultMinSize=200 token=WCT{android.window.IWindowContainerToken$Stub$Proxy@8492a59} topActivityType=1 pictureInPictureParams=null shouldDockBigOverlays=false launchIntoPipHostTaskId=-1 lastParentTaskIdBeforePip=-1 displayCutoutSafeInsets=Rect(0, 117 - 0, 0) topActivityInfo=ActivityInfo{be4561e org.kivy.android.PythonActivity} launchCookies=[android.os.BinderProxy@ba9feff] positionInParent=Point(0, 0) parentTaskId=-1 isFocused=false isVisible=false isVisibleRequested=false isSleeping=false topActivityInSizeCompat=false topActivityEligibleForLetterboxEducation= false topActivityLetterboxed= false isFromDoubleTap= false topActivityLetterboxVerticalPosition= -1 topActivityLetterboxHorizontalPosition= -1 topActivityLetterboxWidth=-1 topActivityLetterboxHeight=-1 locusId=null displayAreaFeatureId=1 cameraCompatControlState=hidden}, remoteTransition = RemoteTransition { remoteTransition = android.window.IRemoteTransition$Stub$Proxy@b4d74cc, appThread = android.app.IApplicationThread$Stub$Proxy@b591315, debugName = QuickstepLaunch }, displayChange = null, flags = 0 }
05-07 17:15:49.374  1977  2019 I PowerHalWrapper: amsBoostProcessCreate package:org.atoznback.aztcollab 
05-07 17:15:49.375  1326  1402 I libPowerHal: [PD] MTKPOWER_HINT_EXT_LAUNCH update cmd:2020000 param:0
05-07 17:15:49.381  2555  2614 D ViewRootImpl: update {(0,0)(fillxfill) ty=APPLICATION_STARTING fmt=TRANSLUCENT wanim=0x1030001
05-07 17:15:49.382  1977  5574 I PowerHalWrapper: amsBoostNotify pid:4681,activity:com.android.launcher3.CustomizationPanelLauncher, package:com.motorola.launcher3, mProcessCreatePackorg.atoznback.aztcollab 
05-07 17:15:49.387  1359  1449 E BufferQueueDebug: [909c9f1 Splash Screen org.atoznback.aztcollab#44702](this:0xb400007e455878e8,id:-1,api:0,p:-1,c:-1) id info cannot be read from '909c9f1 Splash Screen org.atoznback.aztcollab#44702'
05-07 17:15:49.387  1359  1449 I BufferQueueDebug: [909c9f1 Splash Screen org.atoznback.aztcollab#44702](this:0xb400007e455878e8,id:-1,api:0,p:-1,c:-1) BufferQueue core=(1359:/system/bin/surfaceflinger)
05-07 17:15:49.393  1977  2027 I ActivityManager: Start proc 30678:org.atoznback.aztcollab/u0a591 for next-top-activity {org.atoznback.aztcollab/org.kivy.android.PythonActivity}
05-07 17:15:49.400  1977  3031 D CoreBackPreview: Window{909c9f1 u0 Splash Screen org.atoznback.aztcollab}: Setting back callback OnBackInvokedCallbackInfo{mCallback=android.window.IOnBackInvokedCallback$Stub$Proxy@5e9eb44, mPriority=0, mIsAnimationCallback=false}
05-07 17:15:49.402 30678 30678 I nback.aztcollab: Using CollectorTypeCMC GC.
05-07 17:15:49.402  1359  1449 E BufferQueueDebug: [Splash Screen org.atoznback.aztcollab#44703](this:0xb400007e45592f28,id:-1,api:0,p:-1,c:-1) id info cannot be read from 'Splash Screen org.atoznback.aztcollab#44703'
05-07 17:15:49.403  1359  1449 I BufferQueueDebug: [Splash Screen org.atoznback.aztcollab#44703](this:0xb400007e45592f28,id:-1,api:0,p:-1,c:-1) BufferQueue core=(1359:/system/bin/surfaceflinger)
05-07 17:15:49.416  1977  5574 I PowerHalWrapper: amsBoostNotify pid:30678,activity:org.kivy.android.PythonActivity, package:org.atoznback.aztcollab, mProcessCreatePackorg.atoznback.aztcollab 
05-07 17:15:49.417  1977  5574 I mtkpower_client: [Legacy][PowerHal_Wrap_notifyAppState] org.atoznback.aztcollab/org.kivy.android.PythonActivity pid=30678 state:1
05-07 17:15:49.417  1326  1402 I libPowerHal: [perfNotifyAppState] pack:org.atoznback.aztcollab, act:org.kivy.android.PythonActivity, state:1, pid:30678, uid:10591, fps:120
05-07 17:15:49.417  1326  1402 I libPowerHal: [perfNotifyAppState] foreground:org.atoznback.aztcollab, pid:30678, uid:10591
05-07 17:15:49.418  2555  2629 D BLASTBufferQueue: [VRI[aztcollab]#2134](f:0,a:1) acquireNextBufferLocked size=1080x2400 mFrameNumber=1 applyTransaction=true mTimestamp=327242830064581(auto) mPendingTransactions.size=0 graphicBufferId=10973641463287 transform=0
05-07 17:15:49.420  1326  1402 I UxUtility: notifyForegroundApp pack:org.atoznback.aztcollab, uid:10591
05-07 17:15:49.420  1326  1345 I mtkpower@impl: [notifyAppState] pc:1, com.motorola.launcher3 => org.atoznback.aztcollab
05-07 17:15:49.426 30678 30678 D nativeloader: Configuring clns-4 for other apk /data/app/~~av9jvStzCpQIj9nCpZ5QwA==/org.atoznback.aztcollab-ULGH288os9dfKnfL_zBrgA==/base.apk. target_sdk_version=36, uses_libraries=, library_path=/data/app/~~av9jvStzCpQIj9nCpZ5QwA==/org.atoznback.aztcollab-ULGH288os9dfKnfL_zBrgA==/lib/arm64:/data/app/~~av9jvStzCpQIj9nCpZ5QwA==/org.atoznback.aztcollab-ULGH288os9dfKnfL_zBrgA==/base.apk!/lib/arm64-v8a, permitted_path=/data:/mnt/expand:/data/user/0/org.atoznback.aztcollab
05-07 17:15:49.426  1359  1449 E BufferQueueDebug: [a2df2ac ActivityRecordInputSink org.atoznback.aztcollab/org.kivy.android.PythonActivity#44705](this:0xb400007e45598a48,id:-1,api:0,p:-1,c:-1) id info cannot be read from 'a2df2ac ActivityRecordInputSink org.atoznback.aztcollab/org.kivy.android.PythonActivity#44705'
05-07 17:15:49.427  1359  1449 I BufferQueueDebug: [a2df2ac ActivityRecordInputSink org.atoznback.aztcollab/org.kivy.android.PythonActivity#44705](this:0xb400007e45598a48,id:-1,api:0,p:-1,c:-1) BufferQueue core=(1359:/system/bin/surfaceflinger)
05-07 17:15:49.433  1977  2016 V WindowManager: Sent Transition #3113 createdAt=05-07 17:15:49.360 via request=TransitionRequestInfo { type = 1, triggerTask = TaskInfo{userId=0 taskId=25773 displayId=0 isRunning=true baseIntent=Intent { act=android.intent.action.MAIN cat=[android.intent.category.LAUNCHER] flg=0x10200000 cmp=org.atoznback.aztcollab/org.kivy.android.PythonActivity } baseActivity=ComponentInfo{org.atoznback.aztcollab/org.kivy.android.PythonActivity} topActivity=ComponentInfo{org.atoznback.aztcollab/org.kivy.android.PythonActivity} origActivity=null realActivity=ComponentInfo{org.atoznback.aztcollab/org.kivy.android.PythonActivity} numActivities=1 lastActiveTime=467508688 supportsMultiWindow=true supportsGlobalFreeform=true resizeMode=1 isResizeable=true isAppLocked=false canKillAndRestart=true isShowDecorCaptionWindowRequest=false minWidth=-1 minHeight=-1 defaultMinSize=200 token=WCT{RemoteToken{d6c9be5 Task{288eb75 #25773 type=standard A=10591:org.atoznback.aztcollab}}} topActivityType=1 pictureInPictureParams=null shouldDockBigOverlays=false launchIntoPipHostTaskId=-1 lastParentTaskIdBeforePip=-1 displayCutoutSafeInsets=Rect(0, 117 - 0, 0) topActivityInfo=ActivityInfo{6dc56ba org.kivy.android.PythonActivity} launchCookies=[android.os.BinderProxy@c19c96b] positionInParent=Point(0, 0) parentTaskId=-1 isFocused=false isVisible=false isVisibleRequested=false isSleeping=false topActivityInSizeCompat=false topActivityEligibleForLetterboxEducation= false topActivityLetterboxed= false isFromDoubleTap= false topActivityLetterboxVerticalPosition= -1 topActivityLetterboxHorizontalPosition= -1 topActivityLetterboxWidth=-1 topActivityLetterboxHeight=-1 locusId=null displayAreaFeatureId=1 cameraCompatControlState=hidden}, remoteTransition = RemoteTransition { remoteTransition = android.window.IRemoteTransition$Stub$Proxy@61b8cc8, appThread = android.app.IApplicationThread$Stub$Proxy@9501161, debugName = QuickstepLaunch }, displayChange = null, flags = 0 }
05-07 17:15:49.434  1977  2016 V WindowManager:     info={id=3113 t=OPEN f=0x0 trk=0 r=[0@Point(0, 0)] c=[{WCT{RemoteToken{d6c9be5 Task{288eb75 #25773 type=standard A=10591:org.atoznback.aztcollab}}} m=OPEN f=NONE pTaskId=-1 leash=Surface(name=Task=25773)/@0x23c77b0 sb=Rect(0, 0 - 1080, 2400) eb=Rect(0, 0 - 1080, 2400) d=0},{WCT{RemoteToken{3f3c4f5 Task{88ed765 #1 type=home}}} m=TO_BACK f=SHOW_WALLPAPER pTaskId=-1 leash=Surface(name=Task=1)/@0x91ccd63 sb=Rect(0, 0 - 1080, 2400) eb=Rect(0, 0 - 1080, 2400) d=0}]}
05-07 17:15:49.435 30678 30678 V GraphicsEnvironment: ANGLE GameManagerService for org.atoznback.aztcollab: false
05-07 17:15:49.435 30678 30678 V GraphicsEnvironment: org.atoznback.aztcollab is not listed in per-application setting
05-07 17:15:49.438 30678 30678 I Typeface: updateThemeFont new=Rookery-Regular;old=sans-serif;new=Rookery-Stacked;old=
05-07 17:15:49.449 30678 30695 D libMEOW : applied 1 plugins for [org.atoznback.aztcollab]:
05-07 17:15:49.451 30678 30678 E nback.aztcollab: Invalid resource ID 0x00000000.
05-07 17:15:49.464 30678 30696 V pythonutil: Unpacking /data/app/~~av9jvStzCpQIj9nCpZ5QwA==/org.atoznback.aztcollab-ULGH288os9dfKnfL_zBrgA==/lib/arm64/libpybundle app
05-07 17:15:49.466  1359  1449 D SurfaceFlinger: [SF client] NEW(0xb400007da549d110) for (30678:org.atoznback.aztcollab)
05-07 17:15:49.471 30678 30678 D ViewRootImpl: update {(0,0)(fillxfill) sim={forwardNavigation} ty=BASE_APPLICATION wanim=0x1030001
05-07 17:15:49.476  1359  1449 E BufferQueueDebug: [8b1623f org.atoznback.aztcollab/org.kivy.android.PythonActivity#44708](this:0xb400007e45584b58,id:-1,api:0,p:-1,c:-1) id info cannot be read from '8b1623f org.atoznback.aztcollab/org.kivy.android.PythonActivity#44708'
05-07 17:15:49.476  1359  1449 I BufferQueueDebug: [8b1623f org.atoznback.aztcollab/org.kivy.android.PythonActivity#44708](this:0xb400007e45584b58,id:-1,api:0,p:-1,c:-1) BufferQueue core=(1359:/system/bin/surfaceflinger)
05-07 17:15:49.485 30678 30678 D nativeloader: Load /data/app/~~av9jvStzCpQIj9nCpZ5QwA==/org.atoznback.aztcollab-ULGH288os9dfKnfL_zBrgA==/lib/arm64/libsqlite3.so using class loader ns clns-4 (caller=/data/app/~~av9jvStzCpQIj9nCpZ5QwA==/org.atoznback.aztcollab-ULGH288os9dfKnfL_zBrgA==/base.apk): ok
05-07 17:15:49.486 30678 30678 D nativeloader: Load /data/app/~~av9jvStzCpQIj9nCpZ5QwA==/org.atoznback.aztcollab-ULGH288os9dfKnfL_zBrgA==/lib/arm64/libffi.so using class loader ns clns-4 (caller=/data/app/~~av9jvStzCpQIj9nCpZ5QwA==/org.atoznback.aztcollab-ULGH288os9dfKnfL_zBrgA==/base.apk): ok
05-07 17:15:49.486 30678 30678 D nativeloader: Load /data/app/~~av9jvStzCpQIj9nCpZ5QwA==/org.atoznback.aztcollab-ULGH288os9dfKnfL_zBrgA==/lib/arm64/libssl1.1.so using class loader ns clns-4 (caller=/data/app/~~av9jvStzCpQIj9nCpZ5QwA==/org.atoznback.aztcollab-ULGH288os9dfKnfL_zBrgA==/base.apk): ok
05-07 17:15:49.487 30678 30678 D nativeloader: Load /data/app/~~av9jvStzCpQIj9nCpZ5QwA==/org.atoznback.aztcollab-ULGH288os9dfKnfL_zBrgA==/lib/arm64/libcrypto1.1.so using class loader ns clns-4 (caller=/data/app/~~av9jvStzCpQIj9nCpZ5QwA==/org.atoznback.aztcollab-ULGH288os9dfKnfL_zBrgA==/base.apk): ok
05-07 17:15:49.488 30678 30678 D nativeloader: Load /data/app/~~av9jvStzCpQIj9nCpZ5QwA==/org.atoznback.aztcollab-ULGH288os9dfKnfL_zBrgA==/lib/arm64/libSDL2.so using class loader ns clns-4 (caller=/data/app/~~av9jvStzCpQIj9nCpZ5QwA==/org.atoznback.aztcollab-ULGH288os9dfKnfL_zBrgA==/base.apk): ok
05-07 17:15:49.488 30678 30678 D nativeloader: Load /data/app/~~av9jvStzCpQIj9nCpZ5QwA==/org.atoznback.aztcollab-ULGH288os9dfKnfL_zBrgA==/lib/arm64/libSDL2_image.so using class loader ns clns-4 (caller=/data/app/~~av9jvStzCpQIj9nCpZ5QwA==/org.atoznback.aztcollab-ULGH288os9dfKnfL_zBrgA==/base.apk): ok
05-07 17:15:49.489 30678 30678 D nativeloader: Load /data/app/~~av9jvStzCpQIj9nCpZ5QwA==/org.atoznback.aztcollab-ULGH288os9dfKnfL_zBrgA==/lib/arm64/libSDL2_mixer.so using class loader ns clns-4 (caller=/data/app/~~av9jvStzCpQIj9nCpZ5QwA==/org.atoznback.aztcollab-ULGH288os9dfKnfL_zBrgA==/base.apk): ok
05-07 17:15:49.491 30678 30678 D nativeloader: Load /data/app/~~av9jvStzCpQIj9nCpZ5QwA==/org.atoznback.aztcollab-ULGH288os9dfKnfL_zBrgA==/lib/arm64/libSDL2_ttf.so using class loader ns clns-4 (caller=/data/app/~~av9jvStzCpQIj9nCpZ5QwA==/org.atoznback.aztcollab-ULGH288os9dfKnfL_zBrgA==/base.apk): ok
05-07 17:15:49.492 30678 30678 D nativeloader: Load libpython3.5m.so using class loader ns clns-4 (caller=/data/app/~~av9jvStzCpQIj9nCpZ5QwA==/org.atoznback.aztcollab-ULGH288os9dfKnfL_zBrgA==/base.apk): dlopen failed: library "libpython3.5m.so" not found
05-07 17:15:49.492 30678 30678 D nativeloader: Load libpython3.6m.so using class loader ns clns-4 (caller=/data/app/~~av9jvStzCpQIj9nCpZ5QwA==/org.atoznback.aztcollab-ULGH288os9dfKnfL_zBrgA==/base.apk): dlopen failed: library "libpython3.6m.so" not found
05-07 17:15:49.493 30678 30678 D nativeloader: Load libpython3.7m.so using class loader ns clns-4 (caller=/data/app/~~av9jvStzCpQIj9nCpZ5QwA==/org.atoznback.aztcollab-ULGH288os9dfKnfL_zBrgA==/base.apk): dlopen failed: library "libpython3.7m.so" not found
05-07 17:15:49.493 30678 30678 D nativeloader: Load libpython3.8.so using class loader ns clns-4 (caller=/data/app/~~av9jvStzCpQIj9nCpZ5QwA==/org.atoznback.aztcollab-ULGH288os9dfKnfL_zBrgA==/base.apk): dlopen failed: library "libpython3.8.so" not found
05-07 17:15:49.494 30678 30678 D nativeloader: Load libpython3.9.so using class loader ns clns-4 (caller=/data/app/~~av9jvStzCpQIj9nCpZ5QwA==/org.atoznback.aztcollab-ULGH288os9dfKnfL_zBrgA==/base.apk): dlopen failed: library "libpython3.9.so" not found
05-07 17:15:49.495 30678 30678 D nativeloader: Load libpython3.10.so using class loader ns clns-4 (caller=/data/app/~~av9jvStzCpQIj9nCpZ5QwA==/org.atoznback.aztcollab-ULGH288os9dfKnfL_zBrgA==/base.apk): dlopen failed: library "libpython3.10.so" not found
05-07 17:15:49.497 30678 30678 D nativeloader: Load /data/app/~~av9jvStzCpQIj9nCpZ5QwA==/org.atoznback.aztcollab-ULGH288os9dfKnfL_zBrgA==/lib/arm64/libpython3.11.so using class loader ns clns-4 (caller=/data/app/~~av9jvStzCpQIj9nCpZ5QwA==/org.atoznback.aztcollab-ULGH288os9dfKnfL_zBrgA==/base.apk): ok
05-07 17:15:49.497 30678 30678 D nativeloader: Load /data/app/~~av9jvStzCpQIj9nCpZ5QwA==/org.atoznback.aztcollab-ULGH288os9dfKnfL_zBrgA==/lib/arm64/libmain.so using class loader ns clns-4 (caller=/data/app/~~av9jvStzCpQIj9nCpZ5QwA==/org.atoznback.aztcollab-ULGH288os9dfKnfL_zBrgA==/base.apk): ok
05-07 17:15:49.506  1359  1449 D SurfaceFlinger: [SF client] NEW(0xb400007da5477a90) for (30678:org.atoznback.aztcollab)
05-07 17:15:49.514  1977  5574 D CoreBackPreview: Window{8b1623f u0 org.atoznback.aztcollab/org.kivy.android.PythonActivity}: Setting back callback OnBackInvokedCallbackInfo{mCallback=android.window.IOnBackInvokedCallback$Stub$Proxy@963e35b, mPriority=0, mIsAnimationCallback=false}
05-07 17:15:49.515  1359  1449 E BufferQueueDebug: [org.atoznback.aztcollab/org.kivy.android.PythonActivity#44709](this:0xb400007e4552f478,id:-1,api:0,p:-1,c:-1) id info cannot be read from 'org.atoznback.aztcollab/org.kivy.android.PythonActivity#44709'
05-07 17:15:49.515  1359  1449 I BufferQueueDebug: [org.atoznback.aztcollab/org.kivy.android.PythonActivity#44709](this:0xb400007e4552f478,id:-1,api:0,p:-1,c:-1) BufferQueue core=(1359:/system/bin/surfaceflinger)
05-07 17:15:49.526 30678 30693 D libMEOW : applied 1 plugins for [org.atoznback.aztcollab]:
05-07 17:15:49.526  1359  1449 E BufferQueueDebug: [Bounds for - org.atoznback.aztcollab/org.kivy.android.PythonActivity#44714](this:0xb400007e455bda98,id:-1,api:0,p:-1,c:-1) id info cannot be read from 'Bounds for - org.atoznback.aztcollab/org.kivy.android.PythonActivity#44714'
05-07 17:15:49.526  1359  1449 I BufferQueueDebug: [Bounds for - org.atoznback.aztcollab/org.kivy.android.PythonActivity#44714](this:0xb400007e455bda98,id:-1,api:0,p:-1,c:-1) BufferQueue core=(1359:/system/bin/surfaceflinger)
05-07 17:15:49.527  1977  2020 D SurfaceComposerClient: Transaction::apply InputWindowCommands.focusRequests timestamp=327242935303735, windowName=8b1623f org.atoznback.aztcollab/org.kivy.android.PythonActivity
05-07 17:15:49.528  1359  1449 E BufferQueueDebug: [SurfaceView[org.atoznback.aztcollab/org.kivy.android.PythonActivity]#44715](this:0xb400007e456eb838,id:-1,api:0,p:-1,c:-1) id info cannot be read from 'SurfaceView[org.atoznback.aztcollab/org.kivy.android.PythonActivity]#44715'
05-07 17:15:49.528  1359  1449 I BufferQueueDebug: [SurfaceView[org.atoznback.aztcollab/org.kivy.android.PythonActivity]#44715](this:0xb400007e456eb838,id:-1,api:0,p:-1,c:-1) BufferQueue core=(1359:/system/bin/surfaceflinger)
05-07 17:15:49.528  1359  1449 E BufferQueueDebug: [SurfaceView[org.atoznback.aztcollab/org.kivy.android.PythonActivity](BLAST)#44716](this:0xb400007e457219e8,id:-1,api:0,p:-1,c:-1) id info cannot be read from 'SurfaceView[org.atoznback.aztcollab/org.kivy.android.PythonActivity](BLAST)#44716'
05-07 17:15:49.528  1359  1449 I BufferQueueDebug: [SurfaceView[org.atoznback.aztcollab/org.kivy.android.PythonActivity](BLAST)#44716](this:0xb400007e457219e8,id:-1,api:0,p:-1,c:-1) BufferQueue core=(1359:/system/bin/surfaceflinger)
05-07 17:15:49.529  1359  1449 E BufferQueueDebug: [Background for SurfaceView[org.atoznback.aztcollab/org.kivy.android.PythonActivity]#44717](this:0xb400007e456f1358,id:-1,api:0,p:-1,c:-1) id info cannot be read from 'Background for SurfaceView[org.atoznback.aztcollab/org.kivy.android.PythonActivity]#44717'
05-07 17:15:49.529  1359  1449 I BufferQueueDebug: [Background for SurfaceView[org.atoznback.aztcollab/org.kivy.android.PythonActivity]#44717](this:0xb400007e456f1358,id:-1,api:0,p:-1,c:-1) BufferQueue core=(1359:/system/bin/surfaceflinger)
05-07 17:15:49.532  1359  1359 D SurfaceFlinger: Focus addInputWindowCommands timestamp=327242935303735, windowName=8b1623f org.atoznback.aztcollab/org.kivy.android.PythonActivity
05-07 17:15:49.533  1359  1359 D SurfaceFlinger: Find Focus windowName=8b1623f org.atoznback.aztcollab/org.kivy.android.PythonActivity, notVisible=1
05-07 17:15:49.533  1359  1359 D Layer   : Focus: org.atoznback.aztcollab/org.kivy.android.PythonActivity#44709 isHiddenByPolicy s.flags&layer_state_t::eLayerHidden=1
05-07 17:15:49.534  1359  1842 D SurfaceFlinger: updateWinowInfo=1, setFocusedWindow timestamp=327242935303735, windowName=8b1623f org.atoznback.aztcollab/org.kivy.android.PythonActivity
05-07 17:15:49.535 30678 30700 V SDL     : Running main function SDL_main from library /data/app/~~av9jvStzCpQIj9nCpZ5QwA==/org.atoznback.aztcollab-ULGH288os9dfKnfL_zBrgA==/lib/arm64/libmain.so
05-07 17:15:49.536 30678 30700 I python  : /data/user/0/org.atoznback.aztcollab/files/app
05-07 17:15:49.536 30678 30700 I python  : /data/user/0/org.atoznback.aztcollab/files/app/_python_bundle/stdlib.zip:/data/user/0/org.atoznback.aztcollab/files/app/_python_bundle/modules
05-07 17:15:49.546 30678 30678 W SDLThread: type=1400 audit(0.0:1084920): avc:  granted  { execute } for  path="/data/data/org.atoznback.aztcollab/files/app/_python_bundle/modules/zlib.cpython-311.so" dev="dm-52" ino=1094629 scontext=u:r:untrusted_app:s0:c79,c258,c512,c768 tcontext=u:object_r:app_data_file:s0:c79,c258,c512,c768 tclass=file app=org.atoznback.aztcollab
05-07 17:15:49.562 30678 30700 I python  : Android path ['.', '/data/user/0/org.atoznback.aztcollab/files/app/_python_bundle/stdlib.zip', '/data/user/0/org.atoznback.aztcollab/files/app/_python_bundle/modules', '/data/user/0/org.atoznback.aztcollab/files/app/_python_bundle/site-packages']
05-07 17:15:49.562 30678 30700 I python  : Android kivy bootstrap done. __name__ is __main__
05-07 17:15:49.578 30678 30678 D VRI[PythonActivity]: update {(0,0)(fillxfill) sim={forwardNavigation} ty=BASE_APPLICATION wanim=0x1030001
05-07 17:15:49.579 30678 30678 D VRI[PythonActivity]: update {(0,0)(fillxfill) sim={forwardNavigation} ty=BASE_APPLICATION wanim=0x1030001
05-07 17:15:49.579  1359  1449 E BufferQueueDebug: [Surface(name=8b1623f org.atoznback.aztcollab/org.kivy.android.PythonActivity)/@0xdb57b3c - animation-leash of starting_reveal#44718](this:0xb400007e455ee128,id:-1,api:0,p:-1,c:-1) id info cannot be read from 'Surface(name=8b1623f org.atoznback.aztcollab/org.kivy.android.PythonActivity)/@0xdb57b3c - animation-leash of starting_reveal#44718'
05-07 17:15:49.580  1359  1449 I BufferQueueDebug: [Surface(name=8b1623f org.atoznback.aztcollab/org.kivy.android.PythonActivity)/@0xdb57b3c - animation-leash of starting_reveal#44718](this:0xb400007e455ee128,id:-1,api:0,p:-1,c:-1) BufferQueue core=(1359:/system/bin/surfaceflinger)
05-07 17:15:49.581  1977  2020 I LaunchCheckinHandler: MotoDisplayed org.atoznback.aztcollab/org.kivy.android.PythonActivity,cp,ca,205
05-07 17:15:49.584  2555  2555 D CBR_SystemUI: CarrierLabel - : updateLabel cellMsg:  cellEnabled: false
05-07 17:15:49.584  2555  2555 D CBR_SystemUI: CarrierLabel - : updateLabel mCellBroadcastMessage Visibility: 8
05-07 17:15:49.584  2555  2555 D CBR_SystemUI: CarrierLabel - : updateLabel cellMsg:  cellEnabled: false
05-07 17:15:49.584  2555  2555 D CBR_SystemUI: CarrierLabel - : updateLabel mCellBroadcastMessage Visibility: 8
05-07 17:15:49.584  2555  2555 D CBR_SystemUI: CarrierLabel - : updateLabel cellMsg:  cellEnabled: false
05-07 17:15:49.584  2555  2555 D CBR_SystemUI: CarrierLabel - : updateLabel mCellBroadcastMessage Visibility: 8
05-07 17:15:49.588  1977  2016 I ActivityTaskManager: Displayed org.atoznback.aztcollab/org.kivy.android.PythonActivity for user 0: +228ms
05-07 17:15:49.593  1326  1402 I libPowerHal: [PE] MTKPOWER_HINT_EXT_LAUNCH update cmd:2020000, param:31
05-07 17:15:49.594  1977  3031 I ImeTracker: org.atoznback.aztcollab:75531b2a: onRequestHide at ORIGIN_SERVER_HIDE_INPUT reason HIDE_UNSPECIFIED_WINDOW
05-07 17:15:49.594  1977  3031 I ImeTracker: org.atoznback.aztcollab:75531b2a: onCancelled at PHASE_SERVER_SHOULD_HIDE
05-07 17:15:49.604 26239 26239 I Module  : DeviceLockedStatusModuleProvider$Module.updateDeviceLockedStatus():103 repeatCheckTimes = 0, locked = false
