05-07 17:20:42.049  1326  1366 I libPowerHal: [updateFPS] pid(4681) : -1 => 90
05-07 17:20:42.424  1326  1402 I libPowerHal: [PD] fpsgo update cmd:1404500 param:0
05-07 17:20:42.424  1326  1402 I libPowerHal: [PD] fpsgo update cmd:1438300, param:1000
05-07 17:20:42.424  1326  1402 I libPowerHal: [PD] fpsgo update cmd:1438400, param:1000
05-07 17:20:42.424  1326  1402 I libPowerHal: [PD] fpsgo update cmd:1438600 param:1000
05-07 17:20:42.424  1326  1402 I libPowerHal: [PD] fpsgo update cmd:1438700 param:1000
05-07 17:20:42.510  1326  1402 I libPowerHal: [PD] LAUNCH update cmd:1408300 param:40
05-07 17:20:42.510  1326  1402 I libPowerHal: [PD] LAUNCH update cmd:300c000 param:0
05-07 17:20:42.510  1326  1402 I libPowerHal: [PD] LAUNCH update cmd:2c14000 param:0
05-07 17:20:42.511  1326  1402 I libPowerHal: [PD] LAUNCH update cmd:1000000 param:2
05-07 17:20:43.052  1326  1366 I libPowerHal: [updateFPS] pid(4681) : 90 => -1
05-07 17:20:44.474  1977  1977 D EnhancedConnectivityController: updateDefaultNet:181
05-07 17:20:44.474  1977  1977 D EnhancedConnectivityController: mayUpdateNotification: shouldShow=false,UidsBlocked=false, net info=net:181,ifName=wlan0,securityType=2,isDefault=true,ssid="rasnet_guest",notificationId=0
05-07 17:20:44.814  1326  1402 I libPowerHal: [PE] MTKPOWER_HINT_APP_TOUCH update cmd:3408b00 param:1
05-07 17:20:44.815  1359  1830 I Scheduler: applyPolicy: UpdateRefreshRate 60 to 90 of group 0: [touch=1:1 touchBoost=1 scroll=0:0 idle=1:0]
05-07 17:20:44.815  1326  1402 I libPowerHal: [PE] mtkpower@1.0-se update cmd:1408300, param:80
05-07 17:20:44.817  1326  1402 I libPowerHal: [PE] INTERACTION update cmd:1404300, param:1
05-07 17:20:44.817  1326  1402 I libPowerHal: [PE] INTERACTION update cmd:1000000 param:0
05-07 17:20:44.843  1359  1359 D SurfaceFlinger: MtkOverrideDuration: update vsync 90
05-07 17:20:44.880  1326  1402 I libPowerHal: [PD] MTKPOWER_HINT_APP_TOUCH update cmd:3408b00 param:0
05-07 17:20:44.895  1326  1402 I libPowerHal: [PE] LAUNCH update cmd:1408300, param:100
05-07 17:20:44.895  1326  1402 I libPowerHal: [PE] LAUNCH update cmd:300c000, param:15
05-07 17:20:44.896  1326  1402 I libPowerHal: [PE] LAUNCH update cmd:2c14000 param:1
05-07 17:20:44.899  1326  1402 I libPowerHal: [PD] MTKPOWER_HINT_EXT_LAUNCH update cmd:2020000 param:0
05-07 17:20:44.905  2555  2614 D ViewRootImpl: update {(0,0)(fillxfill) ty=APPLICATION_STARTING fmt=TRANSLUCENT wanim=0x1030001
05-07 17:20:44.913  1326  1402 I libPowerHal: [PE] fpsgo update cmd:1404500 param:1
05-07 17:20:44.914  1326  1402 I libPowerHal: [PE] fpsgo update cmd:1438300, param:0
05-07 17:20:44.914  1326  1402 I libPowerHal: [PE] fpsgo update cmd:1438400, param:0
05-07 17:20:44.914  1326  1402 I libPowerHal: [PE] fpsgo update cmd:1438600, param:0
05-07 17:20:44.914  1326  1402 I libPowerHal: [PE] fpsgo update cmd:1438700, param:0
05-07 17:20:44.916  1977  2027 I ActivityManager: Start proc 31293:org.atoznback.azt_recorder/u0a582 for next-top-activity {org.atoznback.azt_recorder/org.kivy.android.PythonActivity}
05-07 17:20:44.968 31293 31293 I Typeface: updateThemeFont new=Rookery-Regular;old=sans-serif;new=Rookery-Stacked;old=
05-07 17:20:45.001 31293 31293 D ViewRootImpl: update {(0,0)(fillxfill) sim={forwardNavigation} ty=BASE_APPLICATION wanim=0x1030001
05-07 17:20:45.047  4681  4688 W orola.launcher3: ApkAssets: Deleting an ApkAssets object '<empty> and /data/app/~~av9jvStzCpQIj9nCpZ5QwA==/org.atoznback.aztcollab-ULGH288os9dfKnfL_zBrgA==/base.apk' with 1 weak references
05-07 17:20:45.073  1359  1842 D SurfaceFlinger: updateWinowInfo=1, setFocusedWindow timestamp=327538468746137, windowName=d57ae85 org.atoznback.azt_recorder/org.kivy.android.PythonActivity
05-07 17:20:45.097 31293 31317 I python  : Android kivy bootstrap done. __name__ is __main__
05-07 17:20:45.104 31293 31293 D VRI[PythonActivity]: update {(0,0)(fillxfill) sim={forwardNavigation} ty=BASE_APPLICATION wanim=0x1030001
05-07 17:20:45.105 31293 31293 D VRI[PythonActivity]: update {(0,0)(fillxfill) sim={forwardNavigation} ty=BASE_APPLICATION wanim=0x1030001
05-07 17:20:45.125  1326  1402 I libPowerHal: [PE] MTKPOWER_HINT_EXT_LAUNCH update cmd:2020000, param:31
05-07 17:20:45.131 26239 26239 I Module  : DeviceLockedStatusModuleProvider$Module.updateDeviceLockedStatus():103 repeatCheckTimes = 0, locked = false
05-07 17:20:45.131 26239 26239 I AndroidIME: LatinIMEBase.updateInputViewCoverNavigation():322 Update input view padding, isNavbarOverInputWindow=false, bottom inset=120
05-07 17:20:45.132 26239 26239 I Module  : DeviceLockedStatusModuleProvider$Module.updateDeviceLockedStatus():103 repeatCheckTimes = 1, locked = false
05-07 17:20:45.199  1326  1402 I libPowerHal: [PD] INTERACTION update cmd:1404300 param:0
05-07 17:20:45.474  1326  1402 I libPowerHal: [PE] INTERACTION update cmd:1404300, param:1
05-07 17:20:45.543  2723  2943 I bt_shim_scanner: handle_remote_properties: handle_remote_properties Update device_type=0x2 addr_type=0x0
05-07 17:20:45.752  2723  2943 I bt_shim_scanner: handle_remote_properties: handle_remote_properties Update device_type=0x2 addr_type=0x0
05-07 17:20:45.856  1326  1402 I libPowerHal: [PD] INTERACTION update cmd:1404300 param:0
05-07 17:20:45.964  2723  2943 I bt_shim_scanner: handle_remote_properties: handle_remote_properties Update device_type=0x2 addr_type=0x0
05-07 17:20:46.005 31293 31293 D VRI[PythonActivity]: update {(0,0)(fillxfill) ty=BASE_APPLICATION wanim=0x1030001
05-07 17:20:46.019 31293 31293 D VRI[PythonActivity]: update {(0,0)(fillxfill) ty=BASE_APPLICATION wanim=0x1030001
05-07 17:20:46.036  1326  1402 I libPowerHal: [PE] INTERACTION update cmd:1404300, param:1
05-07 17:20:46.165 31293 31293 D VRI[PythonActivity]: update {(0,0)(fillxfill) ty=BASE_APPLICATION wanim=0x1030001
05-07 17:20:46.204 31293 31317 I python  :  [bootstrap] Checking installation…
05-07 17:20:46.355  1977  1977 V UiModeManager: updateLocked: null action, mDockState=0, category=null
05-07 17:20:46.355  1977  1977 D UiModeManager: updateConfigurationLocked: mDockState=0; mCarMode=false; mNightMode=1; mNightModeCustomType=-1; uiMode=17
05-07 17:20:46.364  1977  1977 V UiModeManager: updateLocked: null action, mDockState=0, category=null
05-07 17:20:46.364  1977  1977 D UiModeManager: updateConfigurationLocked: mDockState=0; mCarMode=false; mNightMode=1; mNightModeCustomType=-1; uiMode=17
05-07 17:20:46.420  1326  1402 I libPowerHal: [PD] INTERACTION update cmd:1404300 param:0
05-07 17:20:46.531  2555  2555 D CBR_SystemUI: CarrierLabel - : updateLabel cellMsg:  cellEnabled: false
05-07 17:20:46.531  2555  2555 D CBR_SystemUI: CarrierLabel - : updateLabel mCellBroadcastMessage Visibility: 8
05-07 17:20:46.531  2555  2555 D CBR_SystemUI: CarrierLabel - : updateLabel cellMsg:  cellEnabled: false
05-07 17:20:46.531  2555  2555 D CBR_SystemUI: CarrierLabel - : updateLabel mCellBroadcastMessage Visibility: 8
05-07 17:20:46.532  2555  2555 D CBR_SystemUI: CarrierLabel - : updateLabel cellMsg:  cellEnabled: false
05-07 17:20:46.532  2555  2555 D CBR_SystemUI: CarrierLabel - : updateLabel mCellBroadcastMessage Visibility: 8
05-07 17:20:46.892   834   959 D ConversationFragment: Update scroll state ConversationScrollButtonState(hideScrollButtonsForReactionOverlay=false, showScrollButtonsForScrollPosition=false, willScrollToBottomOnNewMessage=true, unreadCount=1, hasMentions=false)
05-07 17:20:46.986 31206 31215 E python  :  [recent] GET /v1/recent/last_project → '' (from '/data/user/0/org.atoznback.aztcollab/files/azt/config.json')
05-07 17:20:46.988 31293 31317 I python  :  [recent] last_project → ''
05-07 17:20:47.032  1359  1830 I Scheduler: applyPolicy: UpdateRefreshRate 90 to 120 of group 0: [touch=0:0 touchBoost=0 scroll=0:0 idle=0:0]
05-07 17:20:47.043  1359  1359 D SurfaceFlinger: MtkOverrideDuration: update vsync 120
05-07 17:20:47.052  1326  1366 I libPowerHal: [updateFPS] pid(31293) : -1 => 90
05-07 17:20:47.482  1977  1977 D EnhancedConnectivityController: updateDefaultNet:181
05-07 17:20:47.483  1977  1977 D EnhancedConnectivityController: mayUpdateNotification: shouldShow=false,UidsBlocked=false, net info=net:181,ifName=wlan0,securityType=2,isDefault=true,ssid="rasnet_guest",notificationId=0
05-07 17:20:47.696  2555  2555 D VRI[NotificationShade]: update {(0,0)(fillxfill) gr=TOP CENTER_VERTICAL layoutInDisplayCutoutMode=always ty=2040 fmt=TRANSLUCENT
05-07 17:20:47.699  2555  2555 D VRI[StatusBar]: update {(0,0)(fillx117) gr=TOP CENTER_VERTICAL layoutInDisplayCutoutMode=always ty=STATUS_BAR fmt=TRANSLUCENT
05-07 17:20:47.701  2555  2555 D VRI[NotificationShade]: update {(0,0)(fillxfill) gr=TOP CENTER_VERTICAL layoutInDisplayCutoutMode=always ty=2040 fmt=TRANSLUCENT
05-07 17:20:47.748  2555  2555 D VRI[NotificationShade]: update {(0,0)(fillxfill) gr=TOP CENTER_VERTICAL layoutInDisplayCutoutMode=always ty=2040 fmt=TRANSLUCENT
05-07 17:20:47.840  1977  1977 D EnhancedConnectivityController: updateDefaultNet:181
05-07 17:20:47.840  1977  1977 D EnhancedConnectivityController: mayUpdateNotification: shouldShow=false,UidsBlocked=false, net info=net:181,ifName=wlan0,securityType=2,isDefault=true,ssid="rasnet_guest",notificationId=0
05-07 17:20:47.897  1326  1402 I libPowerHal: [PD] LAUNCH update cmd:2c14000 param:0
05-07 17:20:47.930  1676 31378 D ReflectedParamUpdater: extent() != 1 for single value type: algo.buffers.max-count.values
05-07 17:20:47.930  1676 31378 D ReflectedParamUpdater: extent() != 1 for single value type: output.subscribed-indices.values
05-07 17:20:47.930  1676 31378 D ReflectedParamUpdater: extent() != 1 for single value type: input.buffers.allocator-ids.values
05-07 17:20:47.931  1676 31378 D ReflectedParamUpdater: extent() != 1 for single value type: output.buffers.allocator-ids.values
05-07 17:20:47.931  1676 31378 D ReflectedParamUpdater: extent() != 1 for single value type: algo.buffers.allocator-ids.values
05-07 17:20:47.931  1676 31378 D ReflectedParamUpdater: extent() != 1 for single value type: output.buffers.pool-ids.values
05-07 17:20:47.931  1676 31378 D ReflectedParamUpdater: extent() != 1 for single value type: algo.buffers.pool-ids.values
05-07 17:20:47.979  1271  6332 D AudioALSAStreamOut: updatePolicyDevice(), flag: 0x2, device: 0x2
05-07 17:20:48.041  1271  9574 D AudioALSAVoiceWakeUpController: updateSpeakerPlaybackStatus(), isSpeakerPlaying = 1
