05-07 17:19:18.209  2555  2555 D CBR_SystemUI: CarrierLabel - : updateLabel cellMsg:  cellEnabled: false
05-07 17:19:18.209  2555  2555 D CBR_SystemUI: CarrierLabel - : updateLabel mCellBroadcastMessage Visibility: 8
05-07 17:19:18.209  2555  2555 D CBR_SystemUI: CarrierLabel - : updateLabel cellMsg:  cellEnabled: false
05-07 17:19:18.209  2555  2555 D CBR_SystemUI: CarrierLabel - : updateLabel mCellBroadcastMessage Visibility: 8
05-07 17:19:18.209  2555  2555 D CBR_SystemUI: CarrierLabel - : updateLabel cellMsg:  cellEnabled: false
05-07 17:19:18.209  2555  2555 D CBR_SystemUI: CarrierLabel - : updateLabel mCellBroadcastMessage Visibility: 8
05-07 17:19:18.607  2723  2943 I bt_shim_scanner: handle_remote_properties: handle_remote_properties Update device_type=0x2 addr_type=0x0
05-07 17:19:19.245  2723  2943 I bt_shim_scanner: handle_remote_properties: handle_remote_properties Update device_type=0x2 addr_type=0x0
05-07 17:19:19.352  2723  2943 I bt_shim_scanner: handle_remote_properties: handle_remote_properties Update device_type=0x2 addr_type=0x0
05-07 17:19:19.460  2723  2943 I bt_shim_scanner: handle_remote_properties: handle_remote_properties Update device_type=0x2 addr_type=0x0
05-07 17:19:21.433  1977  1977 V UiModeManager: updateLocked: null action, mDockState=0, category=null
05-07 17:19:21.434  1977  1977 D UiModeManager: updateConfigurationLocked: mDockState=0; mCarMode=false; mNightMode=1; mNightModeCustomType=-1; uiMode=17
05-07 17:19:21.679  1326  1402 I libPowerHal: [PE] MTKPOWER_HINT_APP_TOUCH update cmd:3408b00 param:1
05-07 17:19:21.679  1359  1830 I Scheduler: applyPolicy: UpdateRefreshRate 60 to 90 of group 0: [touch=1:1 touchBoost=1 scroll=0:0 idle=1:0]
05-07 17:19:21.680  1326  1402 I libPowerHal: [PE] INTERACTION update cmd:1404300, param:1
05-07 17:19:21.680  1326  1402 I libPowerHal: [PE] INTERACTION update cmd:1408300, param:40
05-07 17:19:21.681  1326  1402 I libPowerHal: [PE] INTERACTION update cmd:1000000 param:0
05-07 17:19:21.681  1326  1402 I libPowerHal: [PE] mtkpower@1.0-se update cmd:1408300, param:80
05-07 17:19:21.710  1359  1359 D SurfaceFlinger: MtkOverrideDuration: update vsync 90
05-07 17:19:21.794  1326  1402 I libPowerHal: [PD] MTKPOWER_HINT_APP_TOUCH update cmd:3408b00 param:0
05-07 17:19:21.795  1326  1402 I libPowerHal: [PD] mtkpower@1.0-se update cmd:1408300 param:40
05-07 17:19:21.796  1326  1402 I libPowerHal: [PE] fpsgo update cmd:1404500 param:1
05-07 17:19:21.796  1326  1402 I libPowerHal: [PE] fpsgo update cmd:1438300, param:0
05-07 17:19:21.796  1326  1402 I libPowerHal: [PE] fpsgo update cmd:1438400, param:0
05-07 17:19:21.797  1326  1402 I libPowerHal: [PE] fpsgo update cmd:1438600, param:0
05-07 17:19:21.797  1326  1402 I libPowerHal: [PE] fpsgo update cmd:1438700, param:0
05-07 17:19:21.809  1326  1402 I libPowerHal: [PE] LAUNCH update cmd:1408300, param:100
05-07 17:19:21.809  1326  1402 I libPowerHal: [PE] LAUNCH update cmd:300c000, param:15
05-07 17:19:21.809  1326  1402 I libPowerHal: [PE] LAUNCH update cmd:2054400, param:0
05-07 17:19:21.809  1326  1402 I libPowerHal: [PE] LAUNCH update cmd:2c14000 param:1
05-07 17:19:21.820  2555  2614 D ViewRootImpl: update {(0,0)(fillxfill) ty=APPLICATION_STARTING fmt=TRANSLUCENT wanim=0x1030001
05-07 17:19:21.834  1977  2027 I ActivityManager: Start proc 31058:org.atoznback.azt_recorder/u0a582 for next-top-activity {org.atoznback.azt_recorder/org.kivy.android.PythonActivity}
05-07 17:19:21.886 31058 31058 I Typeface: updateThemeFont new=Rookery-Regular;old=sans-serif;new=Rookery-Stacked;old=
05-07 17:19:21.918 31058 31058 D ViewRootImpl: update {(0,0)(fillxfill) sim={forwardNavigation} ty=BASE_APPLICATION wanim=0x1030001
05-07 17:19:21.980  1359  1842 D SurfaceFlinger: updateWinowInfo=1, setFocusedWindow timestamp=327455379038440, windowName=a1321c4 org.atoznback.azt_recorder/org.kivy.android.PythonActivity
05-07 17:19:22.009 31058 31083 I python  : Android kivy bootstrap done. __name__ is __main__
05-07 17:19:22.013 31058 31058 D VRI[PythonActivity]: update {(0,0)(fillxfill) sim={forwardNavigation} ty=BASE_APPLICATION wanim=0x1030001
05-07 17:19:22.014 31058 31058 D VRI[PythonActivity]: update {(0,0)(fillxfill) sim={forwardNavigation} ty=BASE_APPLICATION wanim=0x1030001
05-07 17:19:22.032  1326  1402 I libPowerHal: [PE] MTKPOWER_HINT_EXT_LAUNCH update cmd:2020000, param:31
05-07 17:19:22.043 26239 26239 I Module  : DeviceLockedStatusModuleProvider$Module.updateDeviceLockedStatus():103 repeatCheckTimes = 0, locked = false
05-07 17:19:22.044 26239 26239 I AndroidIME: LatinIMEBase.updateInputViewCoverNavigation():322 Update input view padding, isNavbarOverInputWindow=false, bottom inset=120
05-07 17:19:22.045 26239 26239 I Module  : DeviceLockedStatusModuleProvider$Module.updateDeviceLockedStatus():103 repeatCheckTimes = 1, locked = false
05-07 17:19:22.062  1326  1402 I libPowerHal: [PD] INTERACTION update cmd:1404300 param:0
05-07 17:19:22.381  1326  1402 I libPowerHal: [PE] INTERACTION update cmd:1404300, param:1
05-07 17:19:22.763  1326  1402 I libPowerHal: [PD] INTERACTION update cmd:1404300 param:0
05-07 17:19:22.907 31058 31058 D VRI[PythonActivity]: update {(0,0)(fillxfill) ty=BASE_APPLICATION wanim=0x1030001
05-07 17:19:22.926 31058 31058 D VRI[PythonActivity]: update {(0,0)(fillxfill) ty=BASE_APPLICATION wanim=0x1030001
05-07 17:19:22.939  1326  1402 I libPowerHal: [PE] INTERACTION update cmd:1404300, param:1
05-07 17:19:23.042 31058 31058 D VRI[PythonActivity]: update {(0,0)(fillxfill) ty=BASE_APPLICATION wanim=0x1030001
05-07 17:19:23.114 31058 31083 I python  :  [bootstrap] Checking installation…
05-07 17:19:23.162  1977  2027 I ActivityManager: Start proc 31093:org.atoznback.aztcollab:provider/u0a591 for content provider {org.atoznback.aztcollab/org.atoznback.aztcollab.AZTCollabProvider}
05-07 17:19:23.187 31093 31093 D nativeloader: Configuring clns-4 for other apk /data/app/~~av9jvStzCpQIj9nCpZ5QwA==/org.atoznback.aztcollab-ULGH288os9dfKnfL_zBrgA==/base.apk. target_sdk_version=36, uses_libraries=, library_path=/data/app/~~av9jvStzCpQIj9nCpZ5QwA==/org.atoznback.aztcollab-ULGH288os9dfKnfL_zBrgA==/lib/arm64:/data/app/~~av9jvStzCpQIj9nCpZ5QwA==/org.atoznback.aztcollab-ULGH288os9dfKnfL_zBrgA==/base.apk!/lib/arm64-v8a, permitted_path=/data:/mnt/expand:/data/user/0/org.atoznback.aztcollab
05-07 17:19:23.193 31093 31093 V GraphicsEnvironment: ANGLE GameManagerService for org.atoznback.aztcollab: false
05-07 17:19:23.193 31093 31093 V GraphicsEnvironment: org.atoznback.aztcollab is not listed in per-application setting
05-07 17:19:23.196 31093 31093 I Typeface: updateThemeFont new=Rookery-Regular;old=sans-serif;new=Rookery-Stacked;old=
05-07 17:19:23.239 31058 31083 I python  :  [bootstrap] Connecting to AZT Collaboration service…
05-07 17:19:23.320  1326  1402 I libPowerHal: [PD] INTERACTION update cmd:1404300 param:0
05-07 17:19:23.330  2555  2555 D CBR_SystemUI: CarrierLabel - : updateLabel cellMsg:  cellEnabled: false
05-07 17:19:23.330  2555  2555 D CBR_SystemUI: CarrierLabel - : updateLabel mCellBroadcastMessage Visibility: 8
05-07 17:19:23.331  2555  2555 D CBR_SystemUI: CarrierLabel - : updateLabel cellMsg:  cellEnabled: false
05-07 17:19:23.331  2555  2555 D CBR_SystemUI: CarrierLabel - : updateLabel mCellBroadcastMessage Visibility: 8
05-07 17:19:23.331  2555  2555 D CBR_SystemUI: CarrierLabel - : updateLabel cellMsg:  cellEnabled: false
05-07 17:19:23.331  2555  2555 D CBR_SystemUI: CarrierLabel - : updateLabel mCellBroadcastMessage Visibility: 8
05-07 17:19:23.859  2723  2943 I bt_shim_scanner: handle_remote_properties: handle_remote_properties Update device_type=0x2 addr_type=0x0
05-07 17:19:23.938  1359  1830 I Scheduler: applyPolicy: UpdateRefreshRate 90 to 120 of group 0: [touch=0:0 touchBoost=0 scroll=0:0 idle=0:0]
05-07 17:19:23.950  1359  1359 D SurfaceFlinger: MtkOverrideDuration: update vsync 120
05-07 17:19:24.034  1326  1366 I libPowerHal: [updateFPS] pid(31058) : -1 => 90
05-07 17:19:24.070  2723  2943 I bt_shim_scanner: handle_remote_properties: handle_remote_properties Update device_type=0x2 addr_type=0x0
05-07 17:19:24.176  2723  2943 I bt_shim_scanner: handle_remote_properties: handle_remote_properties Update device_type=0x2 addr_type=0x0
05-07 17:19:24.287  2723  2943 I bt_shim_scanner: handle_remote_properties: handle_remote_properties Update device_type=0x2 addr_type=0x0
05-07 17:19:24.390  2723  2943 I bt_shim_scanner: handle_remote_properties: handle_remote_properties Update device_type=0x2 addr_type=0x0
05-07 17:19:24.570  1359  1836 I Scheduler: applyPolicy: UpdateRefreshRate 120 to 60 of group 0: [touch=0:0 touchBoost=0 scroll=0:0 idle=1:1]
05-07 17:19:24.570  1359  1836 D SurfaceFlinger: MtkOverrideDuration: update vsync 60
05-07 17:19:24.597  2723  2943 I bt_shim_scanner: handle_remote_properties: handle_remote_properties Update device_type=0x2 addr_type=0x0
05-07 17:19:24.811  1326  1402 I libPowerHal: [PD] LAUNCH update cmd:2c14000 param:0
05-07 17:19:25.034  1326  1366 I libPowerHal: [updateFPS] pid(31058) : 90 => -1
05-07 17:19:25.156  1326  1402 I libPowerHal: [PD] fpsgo update cmd:1404500 param:0
05-07 17:19:25.156  1326  1402 I libPowerHal: [PD] fpsgo update cmd:1438300, param:1000
05-07 17:19:25.156  1326  1402 I libPowerHal: [PD] fpsgo update cmd:1438400, param:1000
05-07 17:19:25.156  1326  1402 I libPowerHal: [PD] fpsgo update cmd:1438600 param:1000
05-07 17:19:25.156  1326  1402 I libPowerHal: [PD] fpsgo update cmd:1438700 param:1000
05-07 17:19:25.233 31058 31083 I python  :  [bootstrap] Connecting to AZT Collaboration service…
05-07 17:19:26.328  1977  1977 V UiModeManager: updateLocked: null action, mDockState=0, category=null
05-07 17:19:26.328  1977  1977 D UiModeManager: updateConfigurationLocked: mDockState=0; mCarMode=false; mNightMode=1; mNightModeCustomType=-1; uiMode=17
05-07 17:19:26.329  1977  1977 V UiModeManager: updateLocked: null action, mDockState=0, category=null
05-07 17:19:26.329  1977  1977 D UiModeManager: updateConfigurationLocked: mDockState=0; mCarMode=false; mNightMode=1; mNightModeCustomType=-1; uiMode=17
05-07 17:19:26.339  1977  1977 V UiModeManager: updateLocked: null action, mDockState=0, category=null
05-07 17:19:26.340  1977  1977 D UiModeManager: updateConfigurationLocked: mDockState=0; mCarMode=false; mNightMode=1; mNightModeCustomType=-1; uiMode=17
05-07 17:19:27.238 31058 31083 I python  :  [bootstrap] Connecting to AZT Collaboration service…
05-07 17:19:28.030  1326  1402 I libPowerHal: [PD] MTKPOWER_HINT_PROCESS_CREATE update cmd:1408300 param:40
05-07 17:19:28.030  1326  1402 I libPowerHal: [PD] MTKPOWER_HINT_PROCESS_CREATE update cmd:300c000 param:0
05-07 17:19:28.031  1326  1402 I libPowerHal: [PD] MTKPOWER_HINT_PROCESS_CREATE update cmd:1000000 param:2
05-07 17:19:28.460  2555  2555 D CBR_SystemUI: CarrierLabel - : updateLabel cellMsg:  cellEnabled: false
05-07 17:19:28.460  2555  2555 D CBR_SystemUI: CarrierLabel - : updateLabel mCellBroadcastMessage Visibility: 8
05-07 17:19:28.460  2555  2555 D CBR_SystemUI: CarrierLabel - : updateLabel cellMsg:  cellEnabled: false
05-07 17:19:28.461  2555  2555 D CBR_SystemUI: CarrierLabel - : updateLabel mCellBroadcastMessage Visibility: 8
05-07 17:19:28.461  2555  2555 D CBR_SystemUI: CarrierLabel - : updateLabel cellMsg:  cellEnabled: false
05-07 17:19:28.461  2555  2555 D CBR_SystemUI: CarrierLabel - : updateLabel mCellBroadcastMessage Visibility: 8
05-07 17:19:28.804  2723  2943 I bt_shim_scanner: handle_remote_properties: handle_remote_properties Update device_type=0x2 addr_type=0x0
05-07 17:19:29.008  2723  2943 I bt_shim_scanner: handle_remote_properties: handle_remote_properties Update device_type=0x2 addr_type=0x0
05-07 17:19:29.113  2723  2943 I bt_shim_scanner: handle_remote_properties: handle_remote_properties Update device_type=0x2 addr_type=0x0
05-07 17:19:29.220  2723  2943 I bt_shim_scanner: handle_remote_properties: handle_remote_properties Update device_type=0x2 addr_type=0x0
05-07 17:19:29.254 31058 31083 I python  :  [bootstrap] Connecting to AZT Collaboration service…
05-07 17:19:29.327  2723  2943 I bt_shim_scanner: handle_remote_properties: handle_remote_properties Update device_type=0x2 addr_type=0x0
05-07 17:19:29.427  2723  2943 I bt_shim_scanner: handle_remote_properties: handle_remote_properties Update device_type=0x2 addr_type=0x0
05-07 17:19:29.533  2723  2943 I bt_shim_scanner: handle_remote_properties: handle_remote_properties Update device_type=0x2 addr_type=0x0
05-07 17:19:31.264 31058 31083 I python  :  [bootstrap] Connecting to AZT Collaboration service…
05-07 17:19:31.485  1977  1977 V UiModeManager: updateLocked: null action, mDockState=0, category=null
05-07 17:19:31.486  1977  1977 D UiModeManager: updateConfigurationLocked: mDockState=0; mCarMode=false; mNightMode=1; mNightModeCustomType=-1; uiMode=17
05-07 17:19:33.346  1359  1836 I Scheduler: applyPolicy: UpdateRefreshRate 60 to 120 of group 0: [touch=0:0 touchBoost=0 scroll=0:0 idle=0:0]
05-07 17:19:33.347  1326  1402 I libPowerHal: [PE] fpsgo update cmd:1404500 param:1
05-07 17:19:33.347  1326  1402 I libPowerHal: [PE] fpsgo update cmd:1438300, param:0
05-07 17:19:33.347  1326  1402 I libPowerHal: [PE] fpsgo update cmd:1438400, param:0
05-07 17:19:33.347  1326  1402 I libPowerHal: [PE] fpsgo update cmd:1438600, param:0
05-07 17:19:33.347  1326  1402 I libPowerHal: [PE] fpsgo update cmd:1438700, param:0
05-07 17:19:33.365  1359  1359 D SurfaceFlinger: MtkOverrideDuration: update vsync 120
05-07 17:19:33.465  1326  1402 I libPowerHal: [PE] fpsgo update cmd:1408300, param:100
05-07 17:19:33.569  2555  2555 D CBR_SystemUI: CarrierLabel - : updateLabel cellMsg:  cellEnabled: false
05-07 17:19:33.569  2555  2555 D CBR_SystemUI: CarrierLabel - : updateLabel mCellBroadcastMessage Visibility: 8
05-07 17:19:33.569  2555  2555 D CBR_SystemUI: CarrierLabel - : updateLabel cellMsg:  cellEnabled: false
05-07 17:19:33.569  2555  2555 D CBR_SystemUI: CarrierLabel - : updateLabel mCellBroadcastMessage Visibility: 8
05-07 17:19:33.569  2555  2555 D CBR_SystemUI: CarrierLabel - : updateLabel cellMsg:  cellEnabled: false
05-07 17:19:33.569  2555  2555 D CBR_SystemUI: CarrierLabel - : updateLabel mCellBroadcastMessage Visibility: 8
05-07 17:19:33.930  2723  2943 I bt_shim_scanner: handle_remote_properties: handle_remote_properties Update device_type=0x2 addr_type=0x0
05-07 17:19:33.945  1359  1836 I Scheduler: applyPolicy: UpdateRefreshRate 120 to 60 of group 0: [touch=0:0 touchBoost=0 scroll=0:0 idle=1:1]
05-07 17:19:33.945  1359  1836 D SurfaceFlinger: MtkOverrideDuration: update vsync 60
05-07 17:19:34.036  1326  1366 I libPowerHal: [updateFPS] pid(31058) : -1 => 90
05-07 17:19:34.039  2723  2943 I bt_shim_scanner: handle_remote_properties: handle_remote_properties Update device_type=0x2 addr_type=0x0
